// Jest Snapshot v1, https://goo.gl/fbAQLP

exports[`Testing BridgeTypeSelector Test BridgeTypeSelector renders 1`] = `
<DocumentFragment>
  <div
    class="sc-aXZVg fRVoBl"
  >
    <div
      class="sc-gEvEer bGdtCD"
    >
      Classic
    </div>
    <div
      class="sc-gEvEer bGdtCD"
    >
      Fast
    </div>
  </div>
</DocumentFragment>
`;
